
> gabro-site@0.0.1 build
> astro build

[2m01:25:39[22m [34m[content][39m Syncing content
[2m01:25:39[22m [34m[content][39m Synced content
[2m01:25:39[22m [34m[types][39m Generated [2m711ms[22m
[2m01:25:39[22m [34m[build][39m output: [34m"static"[39m
[2m01:25:39[22m [34m[build][39m mode: [34m"static"[39m
[2m01:25:39[22m [34m[build][39m directory: [34mS:\Coding\Javascript\gabro-site\dist\[39m
[2m01:25:39[22m [34m[build][39m Collecting build info...
[2m01:25:39[22m [34m[build][39m [32mÔ£ô Completed in 752ms.[39m
[2m01:25:39[22m [34m[build][39m Building static entrypoints...
node.exe : [31m[1m01:25:40[22m [ERROR] [vite][39m [31mÔ£ù[39m 
Build failed in 789ms
In riga:1 car:1
+ & "S:\Programs\nodejs/node.exe" 
"S:\Programs\nodejs/node_modules/npm/ ...
+ ~~~~~~~~~~~~~~~~~~~~~~~~~~~~~~~~~~~~~~~~~~~~~~~~~~~~~~~~~~~~~~~~~~~~~
    + CategoryInfo          : NotSpecified: ([31m[1m01:25:...failed  
   in 789ms:String) [], RemoteException
    + FullyQualifiedErrorId : NativeCommandError
 
Could not resolve "../layouts/BaseLayout.astro" from 
"src/pages/404.astro"
file: S:/Coding/Javascript/gabro-site/src/pages/404.astro
  [1mStack trace:[22m
[2m    at getRollupError (file:///S:/Coding/Javascript/gabro-site/node
_modules/rollup/dist/es/shared/parseAst.js:402:41)
    at ModuleLoader.handleInvalidResolvedId (file:///S:/Coding/Javascri
pt/gabro-site/node_modules/rollup/dist/es/shared/node-entry.js:21687:24
)[22m
